// Jest Snapshot v1, https://goo.gl/fbAQLP

exports[`<SearchPage/> should shows the page with default values 1`] = `
<div>
  <h1>
    Search
  </h1>
  <hr />
  <div
    class="row"
  >
    <div
      class="col-6"
    >
      <form
        aria-label="form"
        class="form-inline"
      >
        <div
          class="form-group mb-2"
        >
          <input
            autocomplete="off"
            class="form-control form-control-lg"
            name="searchText"
            placeholder="Tyoe hero name here..."
            type="text"
            value=""
          />
        </div>
        <div
          class="form-group mx-sm-3 mb-2"
        >
          <button
            class="btn btn-primary btn-lg"
          >
             Search
          </button>
        </div>
      </form>
    </div>
    <div
      class="col-6"
    >
      <div
        aria-label="alert-danger"
        class="alert alert-danger"
        style="display: none;"
      >
        No Heroes found with 
        <b />
      </div>
    </div>
  </div>
</div>
`;
